// Jest Snapshot v1, https://goo.gl/fbAQLP

exports[`App matches snapshot 1`] = `
<div class="flex flex-col min-h-screen bg-red-50">
  <header><svg class="hidden sm:block absolute inset-0 w-full h-96 drop-shadow-xl" fill="none" preserveAspectRatio="none" viewBox="0 0 100 100">
      <polygon fill="currentColor" class="text-red-800" points="0,0 0,100 100,0"></polygon>
    </svg>
    <div class="relative bg-red-800 sm:bg-transparent">
      <div class="py-8 sm:py-10 px-4 sm:px-6 lg:px-8 mx-auto max-w-5xl">
        <div class="flex items-center space-x-5 sm:space-x-10"><img src="[object Object]" alt="Ruby on Rails" class="p-3 bg-red-100 rounded" width="191" height="72">
          <div class="text-4xl sm:text-8xl text-red-100">+</div><img src="[object Object]" alt="Vue.js 3" class="p-3 bg-red-100 rounded" width="83" height="72">
        </div>
        <nav role="tablist" aria-orientation="horizontal" class="flex space-x-4 mt-10"><a href="/" class="router-link-active router-link-exact-active bg-red-200 border border-red-200  text-red-900 px-4 py-1 font-medium text-lg rounded-md" id="headlessui-tabs-tab-1" role="tab" aria-selected="true" tabindex="0" aria-current="page">Home</a><a href="/about" class="bg-red-800 border border-red-200  text-red-200 hover:bg-red-300 hover:text-red-800 px-4 py-1 font-medium text-lg rounded-md" id="headlessui-tabs-tab-2" role="tab" aria-selected="false" tabindex="-1">About</a></nav>
      </div>
    </div>
  </header>
  <main class="relative flex-grow sm:py-32 lg:py-24 px-4 sm:px-6 lg:px-8 pt-10 pb-24 mx-auto w-full max-w-5xl bg-transparent">Home page</main>
  <footer class="fixed bottom-0 pt-2 pb-4 w-full text-sm text-white bg-gray-700">
    <div class="flex flex-wrap px-4 sm:px-6 lg:px-8 mx-auto max-w-5xl">
      <div class="w-full sm:w-1/4 text-center sm:text-left"><a class="hover:underline" target="_blank" rel="noopener noreferrer" href="https://github.com/ledermann/templatus"> Source on GitHub </a></div>
      <div class="w-full sm:w-1/4 text-center">
        <!--v-if-->
      </div>
      <div class="w-full sm:w-1/2 text-center sm:text-right">
        <!--v-if-->
      </div>
    </div>
  </footer>
</div>
`;
